GAMS 24.7.4  r58773 Released Sep 19, 2016 LEX-LEG x86 64bit/Linux                                                                                                                                                                      12/13/18 11:24:22 Page 1
G e n e r a l   A l g e b r a i c   M o d e l i n g   S y s t e m
C o m p i l a t i o n


   1  option MIP=convert;
   2  option MIP=convert;
GAMS 24.7.4  r58773 Released Sep 19, 2016 LEX-LEG x86 64bit/Linux                                                                                                                                                                      12/13/18 11:24:22 Page 2
Closest String Problem (CSP,SEQ=306)
C o m p i l a t i o n


      The closest-string problem (CSP) finds a center string that minimizes
      the Hamming distance between the center string and all other strings.
      The Hamming distance counts the nonmatching characters. For example,
      'CATCC' and 'CTTGC' have a Hamming distance of 2.
       
      Three formulations are presented. Formulations 1 and 2 can only be used
      for small problems. Formulation 3 is the most intuitive formulation
      and works well with general purpose MIP codes.
       
      It should be noted that the root node heuristic of CPLEX performs
      very well. With an absolute gap of one or two, CPLEX finds solution within
      a few seconds for all suggested sizes. For example, the setting below
      will result in solutions that are either within 1.0 from he global optimum
      or less than 1 percent:
       
      option optcr=0.01, optca=1.99;
       
       
      Meneses, C N, Lu, Z, Oliveira, C A S, and Pardalos, P M,
      Optimal Solutions for the Closest-String Problem via Integer Programming.
      INFORMS Journal on Computing 16, 4 (2004), 419-429.
       
  28   
  30   
  31  set n  strings
  32      m  character sequence
  33      a  alphabet;
  34   
  35  parameter x(n,m) string values;
  36   
  40   
  41   
  42  set n / s1*s4 /, m /c1*c6 /, a / a1*a26 /;
  43   
  44  * sample data from paper
  45   
  46  table x(n,m)
  47     c1 c2 c3 c4 c5 c6
  48  s1  4  9  6  6  5 18   // differ
  49  s2 13  5  4  9  1 14   // median
  50  s3 12  5 14  7 20  8   // length
  51  s4 13  5  4  9 21 13 ; // medium
  52   
  53  * recognize sample data
  55   
  56  if(card(n)*card(m) > 50,
  57     option limcol=0,limrow=0,solprint=off, reslim=10
  58            optcr=0.01, optca=1.999
  59  else
  60     option reslim=5, optcr=0.0, optca=0.999 );
  61   
  62  *** Formulation P1
  63   
GAMS 24.7.4  r58773 Released Sep 19, 2016 LEX-LEG x86 64bit/Linux                                                                                                                                                                      12/13/18 11:24:22 Page 3
Closest String Problem (CSP,SEQ=306)
C o m p i l a t i o n


  64  Variables d      maximum difference between t and x
  65            t(m)   reference string
  66            z(n,m) string is different;
  67  binary variable z;
  68   
  69  equations e1(n)   lower bound for d
  70            e2(n,m) lower bound on difference
  71            e3(n,m) upper bound on difference;
  72   
  73  e1(n).. sum(m, z(n,m)) =l= d;
  74   
  75  * x <> t
  76  e2(n,m).. t(m) =l= t.up(m)*z(n,m) + x(n,m)*(1-z(n,m));
  77  e3(n,m).. t(m) =g= t.lo(m)*z(n,m) + x(n,m)*(1-z(n,m));
  78   
  79  t.lo(m) = smin(n, x(n,m));
  80  t.up(m) = smax(n, x(n,m));
  81   
  82  model p1A / e1,e2,e3 /;
  83   
  84  parameter report Summary report;
  85   
  86  report(m,'t.lo') = t.lo(m);
  87  report(m,'t.up') = t.up(m);
  88   
  89  solve p1A min d us mip;
  90  report(m,'p1A') = t.l(m);
  91  report('objective','p1A') = p1a.objval;
  92  report('Est Global','p1A') = ceil(p1a.objest-1e-6);
  93   
  94  *** Formulation P2
  95   
  96  set ma(m,a) possible characters by position;
  97   
  98  ma(m,a) = sum(n, ord(a)=x(n,m));
  99  *display ma;
 100   
 101  binary variable v(m,a) selection of characters;
 102   
 103  equations e4(m) select only one
 104            e5(m) assign character value to t;
 105   
 106  e4(m).. sum(ma(m,a), v(ma)) =e= 1;
 107   
 108  e5(m).. t(m) =e= sum(ma(m,a), ord(a)*v(ma));
 109   
 110  model p2 / e1,e2,e3,e4,e5 /;
 111   
 112  solve p2 min d us mip;
 113  report(m,'p2') = t.l(m);
 114  report('objective','p2') = p2.objval;
 115  report('Est Global','p2') = ceil(p2.objest-1e-6);
 116   
GAMS 24.7.4  r58773 Released Sep 19, 2016 LEX-LEG x86 64bit/Linux                                                                                                                                                                      12/13/18 11:24:22 Page 4
Closest String Problem (CSP,SEQ=306)
C o m p i l a t i o n


 117  *** Formulation P3
 118   
 119  equation e6(n) count matching characters ;
 120   
 121  e6(n).. card(m) - sum(ma(m,a),(x(n,m)=ord(a))*v(ma)) =l= d;
 122   
 123  model p3 / e4,e6 /;
 124   
 125  solve p3 min d us mip;
 126   
 127  t.l(m) = sum(ma(m,a), ord(a)*v.l(ma));
 128  report(m,'p3') = t.l(m);
 129  report('objective','p3') = p3.objval;
 130  report('Est Global','p3') = ceil(p3.objest-1e-6);
 131   
 132  display report;


COMPILATION TIME     =        0.001 SECONDS      3 MB  24.7.4 r58773 LEX-LEG
GAMS 24.7.4  r58773 Released Sep 19, 2016 LEX-LEG x86 64bit/Linux                                                                                                                                                                      12/13/18 11:24:22 Page 5
Closest String Problem (CSP,SEQ=306)
Equation Listing    SOLVE p1A Using MIP From line 89


---- e1  =L=  lower bound for d

e1(s1)..  - d + z(s1,c1) + z(s1,c2) + z(s1,c3) + z(s1,c4) + z(s1,c5) + z(s1,c6) =L= 0 ; (LHS = 0)
     
e1(s2)..  - d + z(s2,c1) + z(s2,c2) + z(s2,c3) + z(s2,c4) + z(s2,c5) + z(s2,c6) =L= 0 ; (LHS = 0)
     
e1(s3)..  - d + z(s3,c1) + z(s3,c2) + z(s3,c3) + z(s3,c4) + z(s3,c5) + z(s3,c6) =L= 0 ; (LHS = 0)
     
REMAINING ENTRY SKIPPED


---- e2  =L=  lower bound on difference

e2(s1,c1)..  t(c1) - 9*z(s1,c1) =L= 4 ; (LHS = 4)
     
e2(s1,c2)..  t(c2) =L= 9 ; (LHS = 5)
     
e2(s1,c3)..  t(c3) - 8*z(s1,c3) =L= 6 ; (LHS = 4)
     
REMAINING 21 ENTRIES SKIPPED


---- e3  =G=  upper bound on difference

e3(s1,c1)..  t(c1) =G= 4 ; (LHS = 4)
     
e3(s1,c2)..  t(c2) + 4*z(s1,c2) =G= 9 ; (LHS = 5, INFES = 4 ****)
     
e3(s1,c3)..  t(c3) + 2*z(s1,c3) =G= 6 ; (LHS = 4, INFES = 2 ****)
     
REMAINING 21 ENTRIES SKIPPED

GAMS 24.7.4  r58773 Released Sep 19, 2016 LEX-LEG x86 64bit/Linux                                                                                                                                                                      12/13/18 11:24:22 Page 6
Closest String Problem (CSP,SEQ=306)
Column Listing      SOLVE p1A Using MIP From line 89


---- d  maximum difference between t and x

d
                (.LO, .L, .UP, .M = -INF, 0, +INF, 0)
       -1       e1(s1)
       -1       e1(s2)
       -1       e1(s3)
       -1       e1(s4)


---- t  reference string

t(c1)
                (.LO, .L, .UP, .M = 4, 4, 13, 0)
        1       e2(s1,c1)
        1       e2(s2,c1)
        1       e2(s3,c1)
        1       e2(s4,c1)
        1       e3(s1,c1)
        1       e3(s2,c1)
        1       e3(s3,c1)
        1       e3(s4,c1)
        0       (OLD LEVEL ****)

t(c2)
                (.LO, .L, .UP, .M = 5, 5, 9, 0)
        1       e2(s1,c2)
        1       e2(s2,c2)
        1       e2(s3,c2)
        1       e2(s4,c2)
        1       e3(s1,c2)
        1       e3(s2,c2)
        1       e3(s3,c2)
        1       e3(s4,c2)
        0       (OLD LEVEL ****)

t(c3)
                (.LO, .L, .UP, .M = 4, 4, 14, 0)
        1       e2(s1,c3)
        1       e2(s2,c3)
        1       e2(s3,c3)
        1       e2(s4,c3)
        1       e3(s1,c3)
        1       e3(s2,c3)
        1       e3(s3,c3)
        1       e3(s4,c3)
        0       (OLD LEVEL ****)

REMAINING 3 ENTRIES SKIPPED
GAMS 24.7.4  r58773 Released Sep 19, 2016 LEX-LEG x86 64bit/Linux                                                                                                                                                                      12/13/18 11:24:22 Page 7
Closest String Problem (CSP,SEQ=306)
Column Listing      SOLVE p1A Using MIP From line 89


---- z  string is different

z(s1,c1)
                (.LO, .L, .UP, .M = 0, 0, 1, 0)
        1       e1(s1)
       -9       e2(s1,c1)

z(s1,c2)
                (.LO, .L, .UP, .M = 0, 0, 1, 0)
        1       e1(s1)
        4       e3(s1,c2)

z(s1,c3)
                (.LO, .L, .UP, .M = 0, 0, 1, 0)
        1       e1(s1)
       -8       e2(s1,c3)
        2       e3(s1,c3)

REMAINING 21 ENTRIES SKIPPED
GAMS 24.7.4  r58773 Released Sep 19, 2016 LEX-LEG x86 64bit/Linux                                                                                                                                                                      12/13/18 11:24:22 Page 8
Closest String Problem (CSP,SEQ=306)
Model Statistics    SOLVE p1A Using MIP From line 89


MODEL STATISTICS

BLOCKS OF EQUATIONS           3     SINGLE EQUATIONS           52
BLOCKS OF VARIABLES           3     SINGLE VARIABLES           31  6 projected
NON ZERO ELEMENTS           107     DISCRETE VARIABLES         24


GENERATION TIME      =        0.003 SECONDS      4 MB  24.7.4 r58773 LEX-LEG


EXECUTION TIME       =        0.003 SECONDS      4 MB  24.7.4 r58773 LEX-LEG
GAMS 24.7.4  r58773 Released Sep 19, 2016 LEX-LEG x86 64bit/Linux                                                                                                                                                                      12/13/18 11:24:22 Page 9
Closest String Problem (CSP,SEQ=306)
Solution Report     SOLVE p1A Using MIP From line 89


               S O L V E      S U M M A R Y

     MODEL   p1A                 OBJECTIVE  d
     TYPE    MIP                 DIRECTION  MINIMIZE
     SOLVER  CONVERT             FROM LINE  89

**** SOLVER STATUS     1 Normal Completion         
**** MODEL STATUS      14 No Solution Returned     
**** OBJECTIVE VALUE                0.0000

 RESOURCE USAGE, LIMIT          0.000         5.000
 ITERATION COUNT, LIMIT         0    2000000000

Convert 2.0      24.7.4 r58773 Released Sep 19, 2016 LEG x86 64bit/Linux      

--- Using Option File
Reading parameter(s) from "/home/renigijus/gams/opt-mod-lib/gamslib/csp/convert.opt"
>>  gams csp-scalar.gms
Finished reading from "/home/renigijus/gams/opt-mod-lib/gamslib/csp/convert.opt"
Gams      : csp-scalar.gms


No solution returned
GAMS 24.7.4  r58773 Released Sep 19, 2016 LEX-LEG x86 64bit/Linux                                                                                                                                                                     12/13/18 11:24:22 Page 10
Closest String Problem (CSP,SEQ=306)
Equation Listing    SOLVE p2 Using MIP From line 112


---- e1  =L=  lower bound for d

e1(s1)..  - d + z(s1,c1) + z(s1,c2) + z(s1,c3) + z(s1,c4) + z(s1,c5) + z(s1,c6) =L= 0 ; (LHS = 0)
     
e1(s2)..  - d + z(s2,c1) + z(s2,c2) + z(s2,c3) + z(s2,c4) + z(s2,c5) + z(s2,c6) =L= 0 ; (LHS = 0)
     
e1(s3)..  - d + z(s3,c1) + z(s3,c2) + z(s3,c3) + z(s3,c4) + z(s3,c5) + z(s3,c6) =L= 0 ; (LHS = 0)
     
REMAINING ENTRY SKIPPED


---- e2  =L=  lower bound on difference

e2(s1,c1)..  t(c1) - 9*z(s1,c1) =L= 4 ; (LHS = 4)
     
e2(s1,c2)..  t(c2) =L= 9 ; (LHS = 5)
     
e2(s1,c3)..  t(c3) - 8*z(s1,c3) =L= 6 ; (LHS = 4)
     
REMAINING 21 ENTRIES SKIPPED


---- e3  =G=  upper bound on difference

e3(s1,c1)..  t(c1) =G= 4 ; (LHS = 4)
     
e3(s1,c2)..  t(c2) + 4*z(s1,c2) =G= 9 ; (LHS = 5, INFES = 4 ****)
     
e3(s1,c3)..  t(c3) + 2*z(s1,c3) =G= 6 ; (LHS = 4, INFES = 2 ****)
     
REMAINING 21 ENTRIES SKIPPED


---- e4  =E=  select only one

e4(c1)..  v(c1,a4) + v(c1,a12) + v(c1,a13) =E= 1 ; (LHS = 0, INFES = 1 ****)
     
e4(c2)..  v(c2,a5) + v(c2,a9) =E= 1 ; (LHS = 0, INFES = 1 ****)
     
e4(c3)..  v(c3,a4) + v(c3,a6) + v(c3,a14) =E= 1 ; (LHS = 0, INFES = 1 ****)
     
REMAINING 3 ENTRIES SKIPPED


---- e5  =E=  assign character value to t

e5(c1)..  t(c1) - 4*v(c1,a4) - 12*v(c1,a12) - 13*v(c1,a13) =E= 0 ; (LHS = 4, INFES = 4 ****)
     
e5(c2)..  t(c2) - 5*v(c2,a5) - 9*v(c2,a9) =E= 0 ; (LHS = 5, INFES = 5 ****)
     
GAMS 24.7.4  r58773 Released Sep 19, 2016 LEX-LEG x86 64bit/Linux                                                                                                                                                                     12/13/18 11:24:22 Page 11
Closest String Problem (CSP,SEQ=306)
Equation Listing    SOLVE p2 Using MIP From line 112


     e5  =E=  assign character value to t

e5(c3)..  t(c3) - 4*v(c3,a4) - 6*v(c3,a6) - 14*v(c3,a14) =E= 0 ; (LHS = 4, INFES = 4 ****)
     
REMAINING 3 ENTRIES SKIPPED

GAMS 24.7.4  r58773 Released Sep 19, 2016 LEX-LEG x86 64bit/Linux                                                                                                                                                                     12/13/18 11:24:22 Page 12
Closest String Problem (CSP,SEQ=306)
Column Listing      SOLVE p2 Using MIP From line 112


---- d  maximum difference between t and x

d
                (.LO, .L, .UP, .M = -INF, 0, +INF, 0)
       -1       e1(s1)
       -1       e1(s2)
       -1       e1(s3)
       -1       e1(s4)


---- t  reference string

t(c1)
                (.LO, .L, .UP, .M = 4, 4, 13, 0)
        1       e2(s1,c1)
        1       e2(s2,c1)
        1       e2(s3,c1)
        1       e2(s4,c1)
        1       e3(s1,c1)
        1       e3(s2,c1)
        1       e3(s3,c1)
        1       e3(s4,c1)
        1       e5(c1)
        0       (OLD LEVEL ****)

t(c2)
                (.LO, .L, .UP, .M = 5, 5, 9, 0)
        1       e2(s1,c2)
        1       e2(s2,c2)
        1       e2(s3,c2)
        1       e2(s4,c2)
        1       e3(s1,c2)
        1       e3(s2,c2)
        1       e3(s3,c2)
        1       e3(s4,c2)
        1       e5(c2)
        0       (OLD LEVEL ****)

t(c3)
                (.LO, .L, .UP, .M = 4, 4, 14, 0)
        1       e2(s1,c3)
        1       e2(s2,c3)
        1       e2(s3,c3)
        1       e2(s4,c3)
        1       e3(s1,c3)
        1       e3(s2,c3)
        1       e3(s3,c3)
        1       e3(s4,c3)
        1       e5(c3)
        0       (OLD LEVEL ****)

REMAINING 3 ENTRIES SKIPPED
GAMS 24.7.4  r58773 Released Sep 19, 2016 LEX-LEG x86 64bit/Linux                                                                                                                                                                     12/13/18 11:24:22 Page 13
Closest String Problem (CSP,SEQ=306)
Column Listing      SOLVE p2 Using MIP From line 112


---- z  string is different

z(s1,c1)
                (.LO, .L, .UP, .M = 0, 0, 1, 0)
        1       e1(s1)
       -9       e2(s1,c1)

z(s1,c2)
                (.LO, .L, .UP, .M = 0, 0, 1, 0)
        1       e1(s1)
        4       e3(s1,c2)

z(s1,c3)
                (.LO, .L, .UP, .M = 0, 0, 1, 0)
        1       e1(s1)
       -8       e2(s1,c3)
        2       e3(s1,c3)

REMAINING 21 ENTRIES SKIPPED

---- v  selection of characters

v(c1,a4)
                (.LO, .L, .UP, .M = 0, 0, 1, 0)
        1       e4(c1)
       -4       e5(c1)

v(c1,a12)
                (.LO, .L, .UP, .M = 0, 0, 1, 0)
        1       e4(c1)
      -12       e5(c1)

v(c1,a13)
                (.LO, .L, .UP, .M = 0, 0, 1, 0)
        1       e4(c1)
      -13       e5(c1)

REMAINING 16 ENTRIES SKIPPED
GAMS 24.7.4  r58773 Released Sep 19, 2016 LEX-LEG x86 64bit/Linux                                                                                                                                                                     12/13/18 11:24:22 Page 14
Closest String Problem (CSP,SEQ=306)
Model Statistics    SOLVE p2 Using MIP From line 112


MODEL STATISTICS

BLOCKS OF EQUATIONS           5     SINGLE EQUATIONS           64
BLOCKS OF VARIABLES           4     SINGLE VARIABLES           50  6 projected
NON ZERO ELEMENTS           151     DISCRETE VARIABLES         43


GENERATION TIME      =        0.002 SECONDS      3 MB  24.7.4 r58773 LEX-LEG


EXECUTION TIME       =        0.002 SECONDS      3 MB  24.7.4 r58773 LEX-LEG
GAMS 24.7.4  r58773 Released Sep 19, 2016 LEX-LEG x86 64bit/Linux                                                                                                                                                                     12/13/18 11:24:22 Page 15
Closest String Problem (CSP,SEQ=306)
Solution Report     SOLVE p2 Using MIP From line 112


               S O L V E      S U M M A R Y

     MODEL   p2                  OBJECTIVE  d
     TYPE    MIP                 DIRECTION  MINIMIZE
     SOLVER  CONVERT             FROM LINE  112

**** SOLVER STATUS     1 Normal Completion         
**** MODEL STATUS      14 No Solution Returned     
**** OBJECTIVE VALUE                0.0000

 RESOURCE USAGE, LIMIT          0.000         5.000
 ITERATION COUNT, LIMIT         0    2000000000

Convert 2.0      24.7.4 r58773 Released Sep 19, 2016 LEG x86 64bit/Linux      

--- Using Option File
Reading parameter(s) from "/home/renigijus/gams/opt-mod-lib/gamslib/csp/convert.opt"
>>  gams csp-scalar.gms
Finished reading from "/home/renigijus/gams/opt-mod-lib/gamslib/csp/convert.opt"
Gams      : csp-scalar.gms


No solution returned
GAMS 24.7.4  r58773 Released Sep 19, 2016 LEX-LEG x86 64bit/Linux                                                                                                                                                                     12/13/18 11:24:22 Page 16
Closest String Problem (CSP,SEQ=306)
Equation Listing    SOLVE p3 Using MIP From line 125


---- e4  =E=  select only one

e4(c1)..  v(c1,a4) + v(c1,a12) + v(c1,a13) =E= 1 ; (LHS = 0, INFES = 1 ****)
     
e4(c2)..  v(c2,a5) + v(c2,a9) =E= 1 ; (LHS = 0, INFES = 1 ****)
     
e4(c3)..  v(c3,a4) + v(c3,a6) + v(c3,a14) =E= 1 ; (LHS = 0, INFES = 1 ****)
     
REMAINING 3 ENTRIES SKIPPED


---- e6  =L=  count matching characters

e6(s1)..  - d - v(c1,a4) - v(c2,a9) - v(c3,a6) - v(c4,a6) - v(c5,a5) - v(c6,a18) =L= -6 ; (LHS = 0, INFES = 6 ****)
     
e6(s2)..  - d - v(c1,a13) - v(c2,a5) - v(c3,a4) - v(c4,a9) - v(c5,a1) - v(c6,a14) =L= -6 ; (LHS = 0, INFES = 6 ****)
     
e6(s3)..  - d - v(c1,a12) - v(c2,a5) - v(c3,a14) - v(c4,a7) - v(c5,a20) - v(c6,a8) =L= -6 ; (LHS = 0, INFES = 6 ****)
     
REMAINING ENTRY SKIPPED

GAMS 24.7.4  r58773 Released Sep 19, 2016 LEX-LEG x86 64bit/Linux                                                                                                                                                                     12/13/18 11:24:22 Page 17
Closest String Problem (CSP,SEQ=306)
Column Listing      SOLVE p3 Using MIP From line 125


---- d  maximum difference between t and x

d
                (.LO, .L, .UP, .M = -INF, 0, +INF, 0)
       -1       e6(s1)
       -1       e6(s2)
       -1       e6(s3)
       -1       e6(s4)


---- v  selection of characters

v(c1,a4)
                (.LO, .L, .UP, .M = 0, 0, 1, 0)
        1       e4(c1)
       -1       e6(s1)

v(c1,a12)
                (.LO, .L, .UP, .M = 0, 0, 1, 0)
        1       e4(c1)
       -1       e6(s3)

v(c1,a13)
                (.LO, .L, .UP, .M = 0, 0, 1, 0)
        1       e4(c1)
       -1       e6(s2)
       -1       e6(s4)

REMAINING 16 ENTRIES SKIPPED
GAMS 24.7.4  r58773 Released Sep 19, 2016 LEX-LEG x86 64bit/Linux                                                                                                                                                                     12/13/18 11:24:22 Page 18
Closest String Problem (CSP,SEQ=306)
Model Statistics    SOLVE p3 Using MIP From line 125


MODEL STATISTICS

BLOCKS OF EQUATIONS           2     SINGLE EQUATIONS           10
BLOCKS OF VARIABLES           2     SINGLE VARIABLES           20
NON ZERO ELEMENTS            47     DISCRETE VARIABLES         19


GENERATION TIME      =        0.002 SECONDS      3 MB  24.7.4 r58773 LEX-LEG


EXECUTION TIME       =        0.002 SECONDS      3 MB  24.7.4 r58773 LEX-LEG
GAMS 24.7.4  r58773 Released Sep 19, 2016 LEX-LEG x86 64bit/Linux                                                                                                                                                                     12/13/18 11:24:22 Page 19
Closest String Problem (CSP,SEQ=306)
Solution Report     SOLVE p3 Using MIP From line 125


               S O L V E      S U M M A R Y

     MODEL   p3                  OBJECTIVE  d
     TYPE    MIP                 DIRECTION  MINIMIZE
     SOLVER  CONVERT             FROM LINE  125

**** SOLVER STATUS     1 Normal Completion         
**** MODEL STATUS      14 No Solution Returned     
**** OBJECTIVE VALUE                0.0000

 RESOURCE USAGE, LIMIT          0.000         5.000
 ITERATION COUNT, LIMIT         0    2000000000

Convert 2.0      24.7.4 r58773 Released Sep 19, 2016 LEG x86 64bit/Linux      

--- Using Option File
Reading parameter(s) from "/home/renigijus/gams/opt-mod-lib/gamslib/csp/convert.opt"
>>  gams csp-scalar.gms
Finished reading from "/home/renigijus/gams/opt-mod-lib/gamslib/csp/convert.opt"
Gams      : csp-scalar.gms


No solution returned
GAMS 24.7.4  r58773 Released Sep 19, 2016 LEX-LEG x86 64bit/Linux                                                                                                                                                                     12/13/18 11:24:22 Page 20
Closest String Problem (CSP,SEQ=306)
E x e c u t i o n


----    132 PARAMETER report  Summary report

                  t.lo        t.up         p1A          p2          p3

c1               4.000      13.000
c2               5.000       9.000
c3               4.000      14.000
c4               6.000       9.000
c5               1.000      21.000
c6               8.000      18.000
Est Global                                  NA          NA          NA



EXECUTION TIME       =        0.001 SECONDS      3 MB  24.7.4 r58773 LEX-LEG


USER: Remigijus Paulavicius, Single User License     S170731:0859AO-LNX
      Imperial College London, Dept. of Chemical Engineering    DC13449
      License for teaching and research at degree granting institutions


**** FILE SUMMARY

Input      /home/renigijus/gams/opt-mod-lib/gamslib/csp/csp.gms
Output     /home/renigijus/gams/opt-mod-lib/gamslib/csp/csp-scalar.gms.lst
