GAMS 24.7.4  r58773 Released Sep 19, 2016 LEX-LEG x86 64bit/Linux                                                                                                                                                                      12/13/18 11:23:26 Page 1
G e n e r a l   A l g e b r a i c   M o d e l i n g   S y s t e m
C o m p i l a t i o n


   1  option QCP=convert;
   2  option QCP=convert;
   3  option QCP=convert;
GAMS 24.7.4  r58773 Released Sep 19, 2016 LEX-LEG x86 64bit/Linux                                                                                                                                                                      12/13/18 11:23:26 Page 2
Standard QCP Model (QCP1,SEQ=283)
C o m p i l a t i o n


      This is the gamslib model QP1 expressed as a QCP. Also
      note that the full sized data set is used and the
      handling of the Q matrix is simplified.
       
      The first in a series of variations on the standard
      QP formulation. The subsequent models exploit data
      and problem structures to arrive at formulations that
      have sensational computational advantages. Additional
      information can be found at:
       
       http://www.gams.com/modlib/adddocs/qp1doc.htm
       
       
      Kalvelagen, E, Model Building with GAMS. forthcoming
       
      de Wetering, A V, private communication.
       
INCLUDE    /home/renigijus/gams/opt-mod-lib/gamslib/qcp1/qpdata.inc
  26  * From StockMaster at MIT
  27   
  28  sets       days    100 days from 95-11-27 to 96-04-29
  29             stocks  170 selected stocks
  30             upper(stocks,stocks)
  31             lower(stocks,stocks);
  32  alias (stocks,sstocks);
  33   
  34  parameters val(stocks,days)    closing value
  35             return(stocks,days) daily returns - derived;
  36   
  37  set days days /
  38    951127
  39    951128
 141   
 142  set stocks /
 143    GAB
 144    GAP
 145    GDW
 306   
 307  parameter val(stocks,days) closing value /
 308    GAB  .951127                9.25
 309    GAB  .951128                9.25
 310    GAB  .951129                9.25
 311   
16312  return(stocks,days-1) = val(stocks,days)-val(stocks,days-1);
16313   
16314  upper(stocks,sstocks) = ord(stocks) <= ord(sstocks);
16315  lower(stocks,sstocks) = not upper(stocks,sstocks);
16316   
16317  set d(days)   selected days
16318      s(stocks) selected stocks
16319  alias(s,t);
16320   
16321  * note that we have to drop the first day because of the definition of
GAMS 24.7.4  r58773 Released Sep 19, 2016 LEX-LEG x86 64bit/Linux                                                                                                                                                                      12/13/18 11:23:26 Page 3
Standard QCP Model (QCP1,SEQ=283)
C o m p i l a t i o n


16322  * return(stocks,days-1) = val(stocks,days)-val(stocks,days-1);
16323   
16324  d(days+1) = yes;   // this will drop the first day
16325  s(stocks) = yes;
16326   
16327  parameter mean(stocks)          mean of daily return
16328            dev(stocks,days)      deviations
16329            covar(stocks,sstocks) covariance matrix of returns (upper)
16330            totmean               total mean return;
16331   
16332  mean(s)    = sum(d, return(s,d))/card(d);
16333  dev(s,d)   = return(s,d)-mean(s);
16334  covar(s,t) = sum(d, dev(s,d)*dev(t,d))/(card(d)-1);
16335  totmean    = sum(s, mean(s))/(card(s));
16336   
16337  variables z          objective variable
16338            x(stocks)  investments;
16339   
16340  positive variables x;
16341   
16342  equations obj    objective
16343            budget
16344            retcon return constraint ;
16345   
16346  obj.. z =e= sum((s,t), x(s)*covar(s,t)*x(t));
16347   
16348  budget.. sum(s, x(s)) =e= 1.0;
16349   
16350  retcon.. sum(s, mean(s)*x(s)) =g= totmean*1.25;
16351   
16352  model qcp1 /all/;
16353   
16354  option limcol=0,limrow=0;
16355  qcp1.workfactor = 20;
16356  solve qcp1 using qcp minimizing z;
GAMS 24.7.4  r58773 Released Sep 19, 2016 LEX-LEG x86 64bit/Linux                                                                                                                                                                      12/13/18 11:23:26 Page 4
Standard QCP Model (QCP1,SEQ=283)
Include File Summary


   SEQ   GLOBAL TYPE      PARENT   LOCAL  FILENAME

     1        1 INPUT          0       0  /home/renigijus/gams/opt-mod-lib/gamslib/qcp1/qcp1.gms
     2       25 INCLUDE        1      25  ./home/renigijus/gams/opt-mod-lib/gamslib/qcp1/qpdata.inc


COMPILATION TIME     =        0.020 SECONDS      4 MB  24.7.4 r58773 LEX-LEG
GAMS 24.7.4  r58773 Released Sep 19, 2016 LEX-LEG x86 64bit/Linux                                                                                                                                                                      12/13/18 11:23:26 Page 5
Standard QCP Model (QCP1,SEQ=283)
Model Statistics    SOLVE qcp1 Using QCP From line 16356


MODEL STATISTICS

BLOCKS OF EQUATIONS           3     SINGLE EQUATIONS            3
BLOCKS OF VARIABLES           2     SINGLE VARIABLES          161
NON ZERO ELEMENTS           453     NON LINEAR N-Z            147
DERIVATIVE POOL              20     CONSTANT POOL          10,894
CODE LENGTH              86,438


GENERATION TIME      =        0.024 SECONDS      7 MB  24.7.4 r58773 LEX-LEG


EXECUTION TIME       =        0.281 SECONDS      7 MB  24.7.4 r58773 LEX-LEG
GAMS 24.7.4  r58773 Released Sep 19, 2016 LEX-LEG x86 64bit/Linux                                                                                                                                                                      12/13/18 11:23:26 Page 6
Standard QCP Model (QCP1,SEQ=283)
Solution Report     SOLVE qcp1 Using QCP From line 16356


               S O L V E      S U M M A R Y

     MODEL   qcp1                OBJECTIVE  z
     TYPE    QCP                 DIRECTION  MINIMIZE
     SOLVER  CONVERT             FROM LINE  16356

**** SOLVER STATUS     1 Normal Completion         
**** MODEL STATUS      14 No Solution Returned     
**** OBJECTIVE VALUE                0.0000

 RESOURCE USAGE, LIMIT          0.000      1000.000
 ITERATION COUNT, LIMIT         0    2000000000
 EVALUATION ERRORS              0             0

Convert 2.0      24.7.4 r58773 Released Sep 19, 2016 LEG x86 64bit/Linux      

--- Using Option File
Reading parameter(s) from "/home/renigijus/gams/opt-mod-lib/gamslib/qcp1/convert.opt"
>>  pyomo qcp1-scalar.py
Finished reading from "/home/renigijus/gams/opt-mod-lib/gamslib/qcp1/convert.opt"
Pyomo     : qcp1-scalar.py


No solution returned


EXECUTION TIME       =        0.000 SECONDS      5 MB  24.7.4 r58773 LEX-LEG


USER: Remigijus Paulavicius, Single User License     S170731:0859AO-LNX
      Imperial College London, Dept. of Chemical Engineering    DC13449
      License for teaching and research at degree granting institutions


**** FILE SUMMARY

Input      /home/renigijus/gams/opt-mod-lib/gamslib/qcp1/qcp1.gms
Output     /home/renigijus/gams/opt-mod-lib/gamslib/qcp1/qcp1-scalar.py.lst
