GAMS 24.7.4  r58773 Released Sep 19, 2016 LEX-LEG x86 64bit/Linux                                                                                                                                                                      12/13/18 11:30:38 Page 1
G e n e r a l   A l g e b r a i c   M o d e l i n g   S y s t e m
C o m p i l a t i o n


   1  option NLP=convert;
   2  option NLP=convert;
GAMS 24.7.4  r58773 Released Sep 19, 2016 LEX-LEG x86 64bit/Linux                                                                                                                                                                      12/13/18 11:30:38 Page 2
Parts Supply Problem w/ 2 Types w/o Asymmetric Information (PS2_F,SEQ=359)
C o m p i l a t i o n


   4   
   5  * Hideo Hashimoto, Kojun Hamada, and Nobuhiro Hosoe, "A Numerical Approach
   6  *   to the Contract Theory: the Case of Adverse Selection", GRIPS Discussion
   7  *   Paper 11-27, National Graduate Institute for Policy Studies, Tokyo, Japan,
   8  *   March 2012.
   9  *
  10  *  http://r-center.grips.ac.jp/DiscussionPapersDetails/247/#
  11   
  12  Option limcol=0,limrow=0;
  13   
  14  * Definition of Set
  15  Set     i       type of supplier        /eff, inf/;
  16  Alias (i,j);
  17  * Definition of Parameters
  18  Parameter
  19          theta(i)        efficiency      /eff    0.2
  20                                          inf     0.3/
  21          p(i)            probability of type
  22                                          /eff    0.2
  23                                          inf     0.8/;
  24  Scalar  ru              reservation utility     /0/;
  25   
  26  * Definition of Primal/Dual Variables
  27  Positive Variable
  28          x(i)            quality
  29          b(i)            maker's revenue
  30          w(i)            price;
  31  Variable
  32          Util            maker's utility;
  33  Equation
  34          obj             maker's utility function
  35          rev(i)          maker's revenue function
  36          pc(i)           participation constraint;
  37   
  38  * Specification of Equations
  39  obj..   Util =e= sum(i, p(i)*(b(i)-w(i)));
  40  rev(i)..b(i) =e= x(i)**(0.5);
  41  pc(i).. w(i)-theta(i)*x(i) =g= ru;
  42   
  43  * Setting Lower Bounds on Variables to Avoid Division by Zero
  44  x.lo(i)=0.0001;
  45   
  46  * Defining and Solving the Model
  47  Model FB1 /all/;
  48  Solve FB1 maximizing Util using NLP;
  49   
  50  * End of Model


COMPILATION TIME     =        0.000 SECONDS      3 MB  24.7.4 r58773 LEX-LEG
GAMS 24.7.4  r58773 Released Sep 19, 2016 LEX-LEG x86 64bit/Linux                                                                                                                                                                      12/13/18 11:30:38 Page 3
Parts Supply Problem w/ 2 Types w/o Asymmetric Information (PS2_F,SEQ=359)
Model Statistics    SOLVE FB1 Using NLP From line 48


MODEL STATISTICS

BLOCKS OF EQUATIONS           3     SINGLE EQUATIONS            5
BLOCKS OF VARIABLES           4     SINGLE VARIABLES            7  2 projected
NON ZERO ELEMENTS            13     NON LINEAR N-Z              2
DERIVATIVE POOL              20     CONSTANT POOL              16
CODE LENGTH                  12


GENERATION TIME      =        0.003 SECONDS      4 MB  24.7.4 r58773 LEX-LEG


EXECUTION TIME       =        0.003 SECONDS      4 MB  24.7.4 r58773 LEX-LEG
GAMS 24.7.4  r58773 Released Sep 19, 2016 LEX-LEG x86 64bit/Linux                                                                                                                                                                      12/13/18 11:30:38 Page 4
Parts Supply Problem w/ 2 Types w/o Asymmetric Information (PS2_F,SEQ=359)
Solution Report     SOLVE FB1 Using NLP From line 48


               S O L V E      S U M M A R Y

     MODEL   FB1                 OBJECTIVE  Util
     TYPE    NLP                 DIRECTION  MAXIMIZE
     SOLVER  CONVERT             FROM LINE  48

**** SOLVER STATUS     1 Normal Completion         
**** MODEL STATUS      14 No Solution Returned     
**** OBJECTIVE VALUE                0.0000

 RESOURCE USAGE, LIMIT          0.000      1000.000
 ITERATION COUNT, LIMIT         0    2000000000
 EVALUATION ERRORS              0             0

Convert 2.0      24.7.4 r58773 Released Sep 19, 2016 LEG x86 64bit/Linux      

--- Using Option File
Reading parameter(s) from "/home/renigijus/gams/opt-mod-lib/gamslib/ps2_f/convert.opt"
>>  gams ps2_f-scalar.gms
Finished reading from "/home/renigijus/gams/opt-mod-lib/gamslib/ps2_f/convert.opt"
Gams      : ps2_f-scalar.gms


No solution returned


EXECUTION TIME       =        0.000 SECONDS      2 MB  24.7.4 r58773 LEX-LEG


USER: Remigijus Paulavicius, Single User License     S170731:0859AO-LNX
      Imperial College London, Dept. of Chemical Engineering    DC13449
      License for teaching and research at degree granting institutions


**** FILE SUMMARY

Input      /home/renigijus/gams/opt-mod-lib/gamslib/ps2_f/ps2_f.gms
Output     /home/renigijus/gams/opt-mod-lib/gamslib/ps2_f/ps2_f-scalar.gms.lst
