GAMS 24.7.4  r58773 Released Sep 19, 2016 LEX-LEG x86 64bit/Linux                                                                                                                                                                      12/13/18 11:22:50 Page 1
G e n e r a l   A l g e b r a i c   M o d e l i n g   S y s t e m
C o m p i l a t i o n


   1  option NLP=convert;
   2  option NLP=convert;
GAMS 24.7.4  r58773 Released Sep 19, 2016 LEX-LEG x86 64bit/Linux                                                                                                                                                                      12/13/18 11:22:50 Page 2
Linear Multiplicative Programs - Type 2 (LMP2, SEQ=252)
C o m p i l a t i o n


   4   
       
         Generates and solves random linear multiplicative models of
         "Type 2." Problem instances are generated as proposed by
         Thoai. Model developed by N. Sahinidis.
       
       
      N. V. Thoai, "A global optimization approach for solving
      convex multiplicative programming problems,"
      Journal of Global Optimization, 1(341-357), 1991.
       
      M. Tawarmalani and N. Sahinidis, Convexification and Global
      Optimization in Continuous and Mixed-Integer Nonlinear
      Programming: Theory, Algorithms, Software, and Applications,
      Kluwer Academic Publishers, 2002.
       
  22   
  23  Options
  24       optcr    = 0,
  25       optca    = 1.e-6,
  26       limrow   = 0,
  27       limcol   = 0,
  28       solprint = off;
  29   
  30  Sets mm /m1*m200/
  31       nn /n1*n200/;
  32   
  33  Sets m(mm) constraints
  34       n(nn) variables;
  35   
  36  Sets p     products    /p1*p2/
  37       c     cases       /c1*c5/
  38       i     instances   /i1*i5/ ;
  39   
  40  * For each case to be solved, we use a different (m,n) pair
  41  Table cases(c,*)
  42        m   n
  43  c1   10  20
  44  c2   20  30
  45  c3   60 100
  46  c4  100 100
  47  c5  200 200 ;
  48   
  49  Parameters cc(p,nn)  cost coefficients
  50             f(p)      constants
  51             A(mm,nn)  constraint coefficients
  52             b(mm)     left-hand-side
  53             rep(c,*)  summary report ;
  54   
  55  Parameters ResMin, Resmax, NodMin, Nodmax;
  56   
  57   
  58  Variables y(p), x(nn), obj ;
GAMS 24.7.4  r58773 Released Sep 19, 2016 LEX-LEG x86 64bit/Linux                                                                                                                                                                      12/13/18 11:22:50 Page 3
Linear Multiplicative Programs - Type 2 (LMP2, SEQ=252)
C o m p i l a t i o n


  59  x.lo(nn) = 0;
  60   
  61   
  62  Equations  Objective,
  63             Constraints(mm),
  64             Products(p);
  65   
  66  Objective..      obj  =E= prod(p, y(p));
  67   
  68  Products(p)..    y(p) =E= sum(n, cc(p,n)*x(n));
  69   
  70  Constraints(m).. b(m) =L= sum(n, A(m,n)*x(n)) ;
  71   
  72   
  73  Model lmp2 /all/;
  74  lmp2.workspace = 32;
  75   
  76  rep(c,'AvgResUsd') = 0;
  77  rep(c,'AvgNodUsd')= 0;
  78   
  79   
  80  loop (c,
  81   
  82     m(mm)   = ord(mm) <= cases(c,'m');
  83     n(nn)   = ord(nn) <= cases(c,'n');
  84   
  85     ResMin  = inf;
  86     Resmax  = 0;
  87     NodMin  = inf;
  88     Nodmax  = 0;
  89   
  90     loop(i,
  91   
  92        f(p)    = uniform(0,1);
  93        cc(p,n) = uniform(0,1);
  94        A(m,n)  = (2*uniform(0,1)-1);
  95        b(m)    = (sum(n, A(m,n)) + 2*uniform(0,1));
  96   
  97  * Set initial starting point for all models to 0
  98        x.l(n)=0; y.l(p)=0;
  99   
 100        Solve lmp2 minimizing obj using nlp;
 101   
 102        rep(c,'AvgResUsd')  = rep(c,'AvgResUsd') + lmp2.resusd;
 103        rep(c,'AvgNodUsd')  = rep(c,'AvgNodUsd') + lmp2.nodusd;
 104   
 105        ResMin = min(ResMin, lmp2.resusd);
 106        NodMin = min(NodMin, lmp2.nodusd);
 107        ResMax = max(ResMax, lmp2.resusd);
 108        NodMax = max(NodMax, lmp2.nodusd);
 109   
 110     );
 111   
GAMS 24.7.4  r58773 Released Sep 19, 2016 LEX-LEG x86 64bit/Linux                                                                                                                                                                      12/13/18 11:22:50 Page 4
Linear Multiplicative Programs - Type 2 (LMP2, SEQ=252)
C o m p i l a t i o n


 112     rep(c,'MinResUsd') = ResMin;
 113     rep(c,'MaxResUsd') = ResMax;
 114     rep(c,'MinNodUsd') = nodMin;
 115     rep(c,'MaxNodUsd') = nodMax;
 116   
 117  );
 118   
 119  rep(c,'AvgResUsd') = rep(c,'AvgResUsd')/card(i);
 120  rep(c,'AvgNodUsd') = rep(c,'AvgNodUsd')/card(i);
 121   
 122  Display rep;
 123   
 124   
 125   
 126   
 127   
 128   


COMPILATION TIME     =        0.001 SECONDS      3 MB  24.7.4 r58773 LEX-LEG
GAMS 24.7.4  r58773 Released Sep 19, 2016 LEX-LEG x86 64bit/Linux                                                                                                                                                                      12/13/18 11:22:50 Page 5
Linear Multiplicative Programs - Type 2 (LMP2, SEQ=252)
Model Statistics    SOLVE lmp2 Using NLP From line 100


LOOPS                                    c   c1
                                         i   i1


MODEL STATISTICS

BLOCKS OF EQUATIONS           3     SINGLE EQUATIONS           13
BLOCKS OF VARIABLES           3     SINGLE VARIABLES           23
NON ZERO ELEMENTS           245     NON LINEAR N-Z              2
DERIVATIVE POOL              20     CONSTANT POOL              16
CODE LENGTH                   5


GENERATION TIME      =        0.002 SECONDS      4 MB  24.7.4 r58773 LEX-LEG


EXECUTION TIME       =        0.003 SECONDS      4 MB  24.7.4 r58773 LEX-LEG
               L O O P S                  c c1
                                          i i1

GAMS 24.7.4  r58773 Released Sep 19, 2016 LEX-LEG x86 64bit/Linux                                                                                                                                                                      12/13/18 11:22:50 Page 6
Linear Multiplicative Programs - Type 2 (LMP2, SEQ=252)
Solution Report     SOLVE lmp2 Using NLP From line 100


               S O L V E      S U M M A R Y

     MODEL   lmp2                OBJECTIVE  obj
     TYPE    NLP                 DIRECTION  MINIMIZE
     SOLVER  CONVERT             FROM LINE  100

**** SOLVER STATUS     1 Normal Completion         
**** MODEL STATUS      14 No Solution Returned     
**** OBJECTIVE VALUE                0.0000

 RESOURCE USAGE, LIMIT          0.000      1000.000
 ITERATION COUNT, LIMIT         0    2000000000
 EVALUATION ERRORS              0             0

Convert 2.0      24.7.4 r58773 Released Sep 19, 2016 LEG x86 64bit/Linux      

--- Using Option File
Reading parameter(s) from "/home/renigijus/gams/opt-mod-lib/gamslib/lmp2/convert.opt"
>>  gams lmp2-scalar.gms
Finished reading from "/home/renigijus/gams/opt-mod-lib/gamslib/lmp2/convert.opt"
Gams      : lmp2-scalar.gms


No solution returned
GAMS 24.7.4  r58773 Released Sep 19, 2016 LEX-LEG x86 64bit/Linux                                                                                                                                                                      12/13/18 11:22:50 Page 7
Linear Multiplicative Programs - Type 2 (LMP2, SEQ=252)
Model Statistics    SOLVE lmp2 Using NLP From line 100


LOOPS                                    c   c1
                                         i   i2


MODEL STATISTICS

BLOCKS OF EQUATIONS           3     SINGLE EQUATIONS           13
BLOCKS OF VARIABLES           3     SINGLE VARIABLES           23
NON ZERO ELEMENTS           245     NON LINEAR N-Z              2
DERIVATIVE POOL              20     CONSTANT POOL              16
CODE LENGTH                   5


GENERATION TIME      =        0.002 SECONDS      3 MB  24.7.4 r58773 LEX-LEG


EXECUTION TIME       =        0.002 SECONDS      3 MB  24.7.4 r58773 LEX-LEG
               L O O P S                  c c1
                                          i i2

GAMS 24.7.4  r58773 Released Sep 19, 2016 LEX-LEG x86 64bit/Linux                                                                                                                                                                      12/13/18 11:22:50 Page 8
Linear Multiplicative Programs - Type 2 (LMP2, SEQ=252)
Solution Report     SOLVE lmp2 Using NLP From line 100


               S O L V E      S U M M A R Y

     MODEL   lmp2                OBJECTIVE  obj
     TYPE    NLP                 DIRECTION  MINIMIZE
     SOLVER  CONVERT             FROM LINE  100

**** SOLVER STATUS     1 Normal Completion         
**** MODEL STATUS      14 No Solution Returned     
**** OBJECTIVE VALUE                0.0000

 RESOURCE USAGE, LIMIT          0.000      1000.000
 ITERATION COUNT, LIMIT         0    2000000000
 EVALUATION ERRORS              0             0

Convert 2.0      24.7.4 r58773 Released Sep 19, 2016 LEG x86 64bit/Linux      

--- Using Option File
Reading parameter(s) from "/home/renigijus/gams/opt-mod-lib/gamslib/lmp2/convert.opt"
>>  gams lmp2-scalar.gms
Finished reading from "/home/renigijus/gams/opt-mod-lib/gamslib/lmp2/convert.opt"
Gams      : lmp2-scalar.gms


No solution returned
GAMS 24.7.4  r58773 Released Sep 19, 2016 LEX-LEG x86 64bit/Linux                                                                                                                                                                      12/13/18 11:22:50 Page 9
Linear Multiplicative Programs - Type 2 (LMP2, SEQ=252)
Model Statistics    SOLVE lmp2 Using NLP From line 100


LOOPS                                    c   c1
                                         i   i3


MODEL STATISTICS

BLOCKS OF EQUATIONS           3     SINGLE EQUATIONS           13
BLOCKS OF VARIABLES           3     SINGLE VARIABLES           23
NON ZERO ELEMENTS           245     NON LINEAR N-Z              2
DERIVATIVE POOL              20     CONSTANT POOL              16
CODE LENGTH                   5


GENERATION TIME      =        0.003 SECONDS      3 MB  24.7.4 r58773 LEX-LEG


EXECUTION TIME       =        0.003 SECONDS      3 MB  24.7.4 r58773 LEX-LEG
               L O O P S                  c c1
                                          i i3

GAMS 24.7.4  r58773 Released Sep 19, 2016 LEX-LEG x86 64bit/Linux                                                                                                                                                                     12/13/18 11:22:50 Page 10
Linear Multiplicative Programs - Type 2 (LMP2, SEQ=252)
Solution Report     SOLVE lmp2 Using NLP From line 100


               S O L V E      S U M M A R Y

     MODEL   lmp2                OBJECTIVE  obj
     TYPE    NLP                 DIRECTION  MINIMIZE
     SOLVER  CONVERT             FROM LINE  100

**** SOLVER STATUS     1 Normal Completion         
**** MODEL STATUS      14 No Solution Returned     
**** OBJECTIVE VALUE                0.0000

 RESOURCE USAGE, LIMIT          0.000      1000.000
 ITERATION COUNT, LIMIT         0    2000000000
 EVALUATION ERRORS              0             0

Convert 2.0      24.7.4 r58773 Released Sep 19, 2016 LEG x86 64bit/Linux      

--- Using Option File
Reading parameter(s) from "/home/renigijus/gams/opt-mod-lib/gamslib/lmp2/convert.opt"
>>  gams lmp2-scalar.gms
Finished reading from "/home/renigijus/gams/opt-mod-lib/gamslib/lmp2/convert.opt"
Gams      : lmp2-scalar.gms


No solution returned
GAMS 24.7.4  r58773 Released Sep 19, 2016 LEX-LEG x86 64bit/Linux                                                                                                                                                                     12/13/18 11:22:50 Page 11
Linear Multiplicative Programs - Type 2 (LMP2, SEQ=252)
Model Statistics    SOLVE lmp2 Using NLP From line 100


LOOPS                                    c   c1
                                         i   i4


MODEL STATISTICS

BLOCKS OF EQUATIONS           3     SINGLE EQUATIONS           13
BLOCKS OF VARIABLES           3     SINGLE VARIABLES           23
NON ZERO ELEMENTS           245     NON LINEAR N-Z              2
DERIVATIVE POOL              20     CONSTANT POOL              16
CODE LENGTH                   5


GENERATION TIME      =        0.003 SECONDS      3 MB  24.7.4 r58773 LEX-LEG


EXECUTION TIME       =        0.003 SECONDS      3 MB  24.7.4 r58773 LEX-LEG
               L O O P S                  c c1
                                          i i4

GAMS 24.7.4  r58773 Released Sep 19, 2016 LEX-LEG x86 64bit/Linux                                                                                                                                                                     12/13/18 11:22:50 Page 12
Linear Multiplicative Programs - Type 2 (LMP2, SEQ=252)
Solution Report     SOLVE lmp2 Using NLP From line 100


               S O L V E      S U M M A R Y

     MODEL   lmp2                OBJECTIVE  obj
     TYPE    NLP                 DIRECTION  MINIMIZE
     SOLVER  CONVERT             FROM LINE  100

**** SOLVER STATUS     1 Normal Completion         
**** MODEL STATUS      14 No Solution Returned     
**** OBJECTIVE VALUE                0.0000

 RESOURCE USAGE, LIMIT          0.000      1000.000
 ITERATION COUNT, LIMIT         0    2000000000
 EVALUATION ERRORS              0             0

Convert 2.0      24.7.4 r58773 Released Sep 19, 2016 LEG x86 64bit/Linux      

--- Using Option File
Reading parameter(s) from "/home/renigijus/gams/opt-mod-lib/gamslib/lmp2/convert.opt"
>>  gams lmp2-scalar.gms
Finished reading from "/home/renigijus/gams/opt-mod-lib/gamslib/lmp2/convert.opt"
Gams      : lmp2-scalar.gms


No solution returned
GAMS 24.7.4  r58773 Released Sep 19, 2016 LEX-LEG x86 64bit/Linux                                                                                                                                                                     12/13/18 11:22:50 Page 13
Linear Multiplicative Programs - Type 2 (LMP2, SEQ=252)
Model Statistics    SOLVE lmp2 Using NLP From line 100


LOOPS                                    c   c1
                                         i   i5


MODEL STATISTICS

BLOCKS OF EQUATIONS           3     SINGLE EQUATIONS           13
BLOCKS OF VARIABLES           3     SINGLE VARIABLES           23
NON ZERO ELEMENTS           245     NON LINEAR N-Z              2
DERIVATIVE POOL              20     CONSTANT POOL              16
CODE LENGTH                   5


GENERATION TIME      =        0.002 SECONDS      3 MB  24.7.4 r58773 LEX-LEG


EXECUTION TIME       =        0.002 SECONDS      3 MB  24.7.4 r58773 LEX-LEG
               L O O P S                  c c1
                                          i i5

GAMS 24.7.4  r58773 Released Sep 19, 2016 LEX-LEG x86 64bit/Linux                                                                                                                                                                     12/13/18 11:22:50 Page 14
Linear Multiplicative Programs - Type 2 (LMP2, SEQ=252)
Solution Report     SOLVE lmp2 Using NLP From line 100


               S O L V E      S U M M A R Y

     MODEL   lmp2                OBJECTIVE  obj
     TYPE    NLP                 DIRECTION  MINIMIZE
     SOLVER  CONVERT             FROM LINE  100

**** SOLVER STATUS     1 Normal Completion         
**** MODEL STATUS      14 No Solution Returned     
**** OBJECTIVE VALUE                0.0000

 RESOURCE USAGE, LIMIT          0.000      1000.000
 ITERATION COUNT, LIMIT         0    2000000000
 EVALUATION ERRORS              0             0

Convert 2.0      24.7.4 r58773 Released Sep 19, 2016 LEG x86 64bit/Linux      

--- Using Option File
Reading parameter(s) from "/home/renigijus/gams/opt-mod-lib/gamslib/lmp2/convert.opt"
>>  gams lmp2-scalar.gms
Finished reading from "/home/renigijus/gams/opt-mod-lib/gamslib/lmp2/convert.opt"
Gams      : lmp2-scalar.gms


No solution returned
GAMS 24.7.4  r58773 Released Sep 19, 2016 LEX-LEG x86 64bit/Linux                                                                                                                                                                     12/13/18 11:22:50 Page 15
Linear Multiplicative Programs - Type 2 (LMP2, SEQ=252)
Model Statistics    SOLVE lmp2 Using NLP From line 100


LOOPS                                    c   c2
                                         i   i1


MODEL STATISTICS

BLOCKS OF EQUATIONS           3     SINGLE EQUATIONS           23
BLOCKS OF VARIABLES           3     SINGLE VARIABLES           33
NON ZERO ELEMENTS           665     NON LINEAR N-Z              2
DERIVATIVE POOL              20     CONSTANT POOL              16
CODE LENGTH                   5


GENERATION TIME      =        0.002 SECONDS      3 MB  24.7.4 r58773 LEX-LEG


EXECUTION TIME       =        0.003 SECONDS      3 MB  24.7.4 r58773 LEX-LEG
               L O O P S                  c c2
                                          i i1

GAMS 24.7.4  r58773 Released Sep 19, 2016 LEX-LEG x86 64bit/Linux                                                                                                                                                                     12/13/18 11:22:50 Page 16
Linear Multiplicative Programs - Type 2 (LMP2, SEQ=252)
Solution Report     SOLVE lmp2 Using NLP From line 100


               S O L V E      S U M M A R Y

     MODEL   lmp2                OBJECTIVE  obj
     TYPE    NLP                 DIRECTION  MINIMIZE
     SOLVER  CONVERT             FROM LINE  100

**** SOLVER STATUS     1 Normal Completion         
**** MODEL STATUS      14 No Solution Returned     
**** OBJECTIVE VALUE                0.0000

 RESOURCE USAGE, LIMIT          0.000      1000.000
 ITERATION COUNT, LIMIT         0    2000000000
 EVALUATION ERRORS              0             0

Convert 2.0      24.7.4 r58773 Released Sep 19, 2016 LEG x86 64bit/Linux      

--- Using Option File
Reading parameter(s) from "/home/renigijus/gams/opt-mod-lib/gamslib/lmp2/convert.opt"
>>  gams lmp2-scalar.gms
Finished reading from "/home/renigijus/gams/opt-mod-lib/gamslib/lmp2/convert.opt"
Gams      : lmp2-scalar.gms


No solution returned
GAMS 24.7.4  r58773 Released Sep 19, 2016 LEX-LEG x86 64bit/Linux                                                                                                                                                                     12/13/18 11:22:50 Page 17
Linear Multiplicative Programs - Type 2 (LMP2, SEQ=252)
Model Statistics    SOLVE lmp2 Using NLP From line 100


LOOPS                                    c   c2
                                         i   i2


MODEL STATISTICS

BLOCKS OF EQUATIONS           3     SINGLE EQUATIONS           23
BLOCKS OF VARIABLES           3     SINGLE VARIABLES           33
NON ZERO ELEMENTS           665     NON LINEAR N-Z              2
DERIVATIVE POOL              20     CONSTANT POOL              16
CODE LENGTH                   5


GENERATION TIME      =        0.002 SECONDS      3 MB  24.7.4 r58773 LEX-LEG


EXECUTION TIME       =        0.002 SECONDS      3 MB  24.7.4 r58773 LEX-LEG
               L O O P S                  c c2
                                          i i2

GAMS 24.7.4  r58773 Released Sep 19, 2016 LEX-LEG x86 64bit/Linux                                                                                                                                                                     12/13/18 11:22:50 Page 18
Linear Multiplicative Programs - Type 2 (LMP2, SEQ=252)
Solution Report     SOLVE lmp2 Using NLP From line 100


               S O L V E      S U M M A R Y

     MODEL   lmp2                OBJECTIVE  obj
     TYPE    NLP                 DIRECTION  MINIMIZE
     SOLVER  CONVERT             FROM LINE  100

**** SOLVER STATUS     1 Normal Completion         
**** MODEL STATUS      14 No Solution Returned     
**** OBJECTIVE VALUE                0.0000

 RESOURCE USAGE, LIMIT          0.000      1000.000
 ITERATION COUNT, LIMIT         0    2000000000
 EVALUATION ERRORS              0             0

Convert 2.0      24.7.4 r58773 Released Sep 19, 2016 LEG x86 64bit/Linux      

--- Using Option File
Reading parameter(s) from "/home/renigijus/gams/opt-mod-lib/gamslib/lmp2/convert.opt"
>>  gams lmp2-scalar.gms
Finished reading from "/home/renigijus/gams/opt-mod-lib/gamslib/lmp2/convert.opt"
Gams      : lmp2-scalar.gms


No solution returned
GAMS 24.7.4  r58773 Released Sep 19, 2016 LEX-LEG x86 64bit/Linux                                                                                                                                                                     12/13/18 11:22:50 Page 19
Linear Multiplicative Programs - Type 2 (LMP2, SEQ=252)
Model Statistics    SOLVE lmp2 Using NLP From line 100


LOOPS                                    c   c2
                                         i   i3


MODEL STATISTICS

BLOCKS OF EQUATIONS           3     SINGLE EQUATIONS           23
BLOCKS OF VARIABLES           3     SINGLE VARIABLES           33
NON ZERO ELEMENTS           665     NON LINEAR N-Z              2
DERIVATIVE POOL              20     CONSTANT POOL              16
CODE LENGTH                   5


GENERATION TIME      =        0.001 SECONDS      3 MB  24.7.4 r58773 LEX-LEG


EXECUTION TIME       =        0.002 SECONDS      3 MB  24.7.4 r58773 LEX-LEG
               L O O P S                  c c2
                                          i i3

GAMS 24.7.4  r58773 Released Sep 19, 2016 LEX-LEG x86 64bit/Linux                                                                                                                                                                     12/13/18 11:22:50 Page 20
Linear Multiplicative Programs - Type 2 (LMP2, SEQ=252)
Solution Report     SOLVE lmp2 Using NLP From line 100


               S O L V E      S U M M A R Y

     MODEL   lmp2                OBJECTIVE  obj
     TYPE    NLP                 DIRECTION  MINIMIZE
     SOLVER  CONVERT             FROM LINE  100

**** SOLVER STATUS     1 Normal Completion         
**** MODEL STATUS      14 No Solution Returned     
**** OBJECTIVE VALUE                0.0000

 RESOURCE USAGE, LIMIT          0.000      1000.000
 ITERATION COUNT, LIMIT         0    2000000000
 EVALUATION ERRORS              0             0

Convert 2.0      24.7.4 r58773 Released Sep 19, 2016 LEG x86 64bit/Linux      

--- Using Option File
Reading parameter(s) from "/home/renigijus/gams/opt-mod-lib/gamslib/lmp2/convert.opt"
>>  gams lmp2-scalar.gms
Finished reading from "/home/renigijus/gams/opt-mod-lib/gamslib/lmp2/convert.opt"
Gams      : lmp2-scalar.gms


No solution returned
GAMS 24.7.4  r58773 Released Sep 19, 2016 LEX-LEG x86 64bit/Linux                                                                                                                                                                     12/13/18 11:22:50 Page 21
Linear Multiplicative Programs - Type 2 (LMP2, SEQ=252)
Model Statistics    SOLVE lmp2 Using NLP From line 100


LOOPS                                    c   c2
                                         i   i4


MODEL STATISTICS

BLOCKS OF EQUATIONS           3     SINGLE EQUATIONS           23
BLOCKS OF VARIABLES           3     SINGLE VARIABLES           33
NON ZERO ELEMENTS           665     NON LINEAR N-Z              2
DERIVATIVE POOL              20     CONSTANT POOL              16
CODE LENGTH                   5


GENERATION TIME      =        0.002 SECONDS      3 MB  24.7.4 r58773 LEX-LEG


EXECUTION TIME       =        0.002 SECONDS      3 MB  24.7.4 r58773 LEX-LEG
               L O O P S                  c c2
                                          i i4

GAMS 24.7.4  r58773 Released Sep 19, 2016 LEX-LEG x86 64bit/Linux                                                                                                                                                                     12/13/18 11:22:50 Page 22
Linear Multiplicative Programs - Type 2 (LMP2, SEQ=252)
Solution Report     SOLVE lmp2 Using NLP From line 100


               S O L V E      S U M M A R Y

     MODEL   lmp2                OBJECTIVE  obj
     TYPE    NLP                 DIRECTION  MINIMIZE
     SOLVER  CONVERT             FROM LINE  100

**** SOLVER STATUS     1 Normal Completion         
**** MODEL STATUS      14 No Solution Returned     
**** OBJECTIVE VALUE                0.0000

 RESOURCE USAGE, LIMIT          0.000      1000.000
 ITERATION COUNT, LIMIT         0    2000000000
 EVALUATION ERRORS              0             0

Convert 2.0      24.7.4 r58773 Released Sep 19, 2016 LEG x86 64bit/Linux      

--- Using Option File
Reading parameter(s) from "/home/renigijus/gams/opt-mod-lib/gamslib/lmp2/convert.opt"
>>  gams lmp2-scalar.gms
Finished reading from "/home/renigijus/gams/opt-mod-lib/gamslib/lmp2/convert.opt"
Gams      : lmp2-scalar.gms


No solution returned
GAMS 24.7.4  r58773 Released Sep 19, 2016 LEX-LEG x86 64bit/Linux                                                                                                                                                                     12/13/18 11:22:50 Page 23
Linear Multiplicative Programs - Type 2 (LMP2, SEQ=252)
Model Statistics    SOLVE lmp2 Using NLP From line 100


LOOPS                                    c   c2
                                         i   i5


MODEL STATISTICS

BLOCKS OF EQUATIONS           3     SINGLE EQUATIONS           23
BLOCKS OF VARIABLES           3     SINGLE VARIABLES           33
NON ZERO ELEMENTS           665     NON LINEAR N-Z              2
DERIVATIVE POOL              20     CONSTANT POOL              16
CODE LENGTH                   5


GENERATION TIME      =        0.002 SECONDS      3 MB  24.7.4 r58773 LEX-LEG


EXECUTION TIME       =        0.002 SECONDS      3 MB  24.7.4 r58773 LEX-LEG
               L O O P S                  c c2
                                          i i5

GAMS 24.7.4  r58773 Released Sep 19, 2016 LEX-LEG x86 64bit/Linux                                                                                                                                                                     12/13/18 11:22:50 Page 24
Linear Multiplicative Programs - Type 2 (LMP2, SEQ=252)
Solution Report     SOLVE lmp2 Using NLP From line 100


               S O L V E      S U M M A R Y

     MODEL   lmp2                OBJECTIVE  obj
     TYPE    NLP                 DIRECTION  MINIMIZE
     SOLVER  CONVERT             FROM LINE  100

**** SOLVER STATUS     1 Normal Completion         
**** MODEL STATUS      14 No Solution Returned     
**** OBJECTIVE VALUE                0.0000

 RESOURCE USAGE, LIMIT          0.000      1000.000
 ITERATION COUNT, LIMIT         0    2000000000
 EVALUATION ERRORS              0             0

Convert 2.0      24.7.4 r58773 Released Sep 19, 2016 LEG x86 64bit/Linux      

--- Using Option File
Reading parameter(s) from "/home/renigijus/gams/opt-mod-lib/gamslib/lmp2/convert.opt"
>>  gams lmp2-scalar.gms
Finished reading from "/home/renigijus/gams/opt-mod-lib/gamslib/lmp2/convert.opt"
Gams      : lmp2-scalar.gms


No solution returned
GAMS 24.7.4  r58773 Released Sep 19, 2016 LEX-LEG x86 64bit/Linux                                                                                                                                                                     12/13/18 11:22:50 Page 25
Linear Multiplicative Programs - Type 2 (LMP2, SEQ=252)
Model Statistics    SOLVE lmp2 Using NLP From line 100


LOOPS                                    c   c3
                                         i   i1


MODEL STATISTICS

BLOCKS OF EQUATIONS           3     SINGLE EQUATIONS           63
BLOCKS OF VARIABLES           3     SINGLE VARIABLES          103
NON ZERO ELEMENTS         6,205     NON LINEAR N-Z              2
DERIVATIVE POOL              20     CONSTANT POOL              16
CODE LENGTH                   5


GENERATION TIME      =        0.003 SECONDS      3 MB  24.7.4 r58773 LEX-LEG


EXECUTION TIME       =        0.005 SECONDS      3 MB  24.7.4 r58773 LEX-LEG
               L O O P S                  c c3
                                          i i1

GAMS 24.7.4  r58773 Released Sep 19, 2016 LEX-LEG x86 64bit/Linux                                                                                                                                                                     12/13/18 11:22:50 Page 26
Linear Multiplicative Programs - Type 2 (LMP2, SEQ=252)
Solution Report     SOLVE lmp2 Using NLP From line 100


               S O L V E      S U M M A R Y

     MODEL   lmp2                OBJECTIVE  obj
     TYPE    NLP                 DIRECTION  MINIMIZE
     SOLVER  CONVERT             FROM LINE  100

**** SOLVER STATUS     1 Normal Completion         
**** MODEL STATUS      14 No Solution Returned     
**** OBJECTIVE VALUE                0.0000

 RESOURCE USAGE, LIMIT          0.000      1000.000
 ITERATION COUNT, LIMIT         0    2000000000
 EVALUATION ERRORS              0             0

Convert 2.0      24.7.4 r58773 Released Sep 19, 2016 LEG x86 64bit/Linux      

--- Using Option File
Reading parameter(s) from "/home/renigijus/gams/opt-mod-lib/gamslib/lmp2/convert.opt"
>>  gams lmp2-scalar.gms
Finished reading from "/home/renigijus/gams/opt-mod-lib/gamslib/lmp2/convert.opt"
Gams      : lmp2-scalar.gms


No solution returned
GAMS 24.7.4  r58773 Released Sep 19, 2016 LEX-LEG x86 64bit/Linux                                                                                                                                                                     12/13/18 11:22:50 Page 27
Linear Multiplicative Programs - Type 2 (LMP2, SEQ=252)
Model Statistics    SOLVE lmp2 Using NLP From line 100


LOOPS                                    c   c3
                                         i   i2


MODEL STATISTICS

BLOCKS OF EQUATIONS           3     SINGLE EQUATIONS           63
BLOCKS OF VARIABLES           3     SINGLE VARIABLES          103
NON ZERO ELEMENTS         6,205     NON LINEAR N-Z              2
DERIVATIVE POOL              20     CONSTANT POOL              16
CODE LENGTH                   5


GENERATION TIME      =        0.003 SECONDS      3 MB  24.7.4 r58773 LEX-LEG


EXECUTION TIME       =        0.005 SECONDS      3 MB  24.7.4 r58773 LEX-LEG
               L O O P S                  c c3
                                          i i2

GAMS 24.7.4  r58773 Released Sep 19, 2016 LEX-LEG x86 64bit/Linux                                                                                                                                                                     12/13/18 11:22:50 Page 28
Linear Multiplicative Programs - Type 2 (LMP2, SEQ=252)
Solution Report     SOLVE lmp2 Using NLP From line 100


               S O L V E      S U M M A R Y

     MODEL   lmp2                OBJECTIVE  obj
     TYPE    NLP                 DIRECTION  MINIMIZE
     SOLVER  CONVERT             FROM LINE  100

**** SOLVER STATUS     1 Normal Completion         
**** MODEL STATUS      14 No Solution Returned     
**** OBJECTIVE VALUE                0.0000

 RESOURCE USAGE, LIMIT          0.000      1000.000
 ITERATION COUNT, LIMIT         0    2000000000
 EVALUATION ERRORS              0             0

Convert 2.0      24.7.4 r58773 Released Sep 19, 2016 LEG x86 64bit/Linux      

--- Using Option File
Reading parameter(s) from "/home/renigijus/gams/opt-mod-lib/gamslib/lmp2/convert.opt"
>>  gams lmp2-scalar.gms
Finished reading from "/home/renigijus/gams/opt-mod-lib/gamslib/lmp2/convert.opt"
Gams      : lmp2-scalar.gms


No solution returned
GAMS 24.7.4  r58773 Released Sep 19, 2016 LEX-LEG x86 64bit/Linux                                                                                                                                                                     12/13/18 11:22:50 Page 29
Linear Multiplicative Programs - Type 2 (LMP2, SEQ=252)
Model Statistics    SOLVE lmp2 Using NLP From line 100


LOOPS                                    c   c3
                                         i   i3


MODEL STATISTICS

BLOCKS OF EQUATIONS           3     SINGLE EQUATIONS           63
BLOCKS OF VARIABLES           3     SINGLE VARIABLES          103
NON ZERO ELEMENTS         6,205     NON LINEAR N-Z              2
DERIVATIVE POOL              20     CONSTANT POOL              16
CODE LENGTH                   5


GENERATION TIME      =        0.004 SECONDS      3 MB  24.7.4 r58773 LEX-LEG


EXECUTION TIME       =        0.005 SECONDS      3 MB  24.7.4 r58773 LEX-LEG
               L O O P S                  c c3
                                          i i3

GAMS 24.7.4  r58773 Released Sep 19, 2016 LEX-LEG x86 64bit/Linux                                                                                                                                                                     12/13/18 11:22:50 Page 30
Linear Multiplicative Programs - Type 2 (LMP2, SEQ=252)
Solution Report     SOLVE lmp2 Using NLP From line 100


               S O L V E      S U M M A R Y

     MODEL   lmp2                OBJECTIVE  obj
     TYPE    NLP                 DIRECTION  MINIMIZE
     SOLVER  CONVERT             FROM LINE  100

**** SOLVER STATUS     1 Normal Completion         
**** MODEL STATUS      14 No Solution Returned     
**** OBJECTIVE VALUE                0.0000

 RESOURCE USAGE, LIMIT          0.000      1000.000
 ITERATION COUNT, LIMIT         0    2000000000
 EVALUATION ERRORS              0             0

Convert 2.0      24.7.4 r58773 Released Sep 19, 2016 LEG x86 64bit/Linux      

--- Using Option File
Reading parameter(s) from "/home/renigijus/gams/opt-mod-lib/gamslib/lmp2/convert.opt"
>>  gams lmp2-scalar.gms
Finished reading from "/home/renigijus/gams/opt-mod-lib/gamslib/lmp2/convert.opt"
Gams      : lmp2-scalar.gms


No solution returned
GAMS 24.7.4  r58773 Released Sep 19, 2016 LEX-LEG x86 64bit/Linux                                                                                                                                                                     12/13/18 11:22:50 Page 31
Linear Multiplicative Programs - Type 2 (LMP2, SEQ=252)
Model Statistics    SOLVE lmp2 Using NLP From line 100


LOOPS                                    c   c3
                                         i   i4


MODEL STATISTICS

BLOCKS OF EQUATIONS           3     SINGLE EQUATIONS           63
BLOCKS OF VARIABLES           3     SINGLE VARIABLES          103
NON ZERO ELEMENTS         6,205     NON LINEAR N-Z              2
DERIVATIVE POOL              20     CONSTANT POOL              16
CODE LENGTH                   5


GENERATION TIME      =        0.007 SECONDS      3 MB  24.7.4 r58773 LEX-LEG


EXECUTION TIME       =        0.010 SECONDS      3 MB  24.7.4 r58773 LEX-LEG
               L O O P S                  c c3
                                          i i4

GAMS 24.7.4  r58773 Released Sep 19, 2016 LEX-LEG x86 64bit/Linux                                                                                                                                                                     12/13/18 11:22:50 Page 32
Linear Multiplicative Programs - Type 2 (LMP2, SEQ=252)
Solution Report     SOLVE lmp2 Using NLP From line 100


               S O L V E      S U M M A R Y

     MODEL   lmp2                OBJECTIVE  obj
     TYPE    NLP                 DIRECTION  MINIMIZE
     SOLVER  CONVERT             FROM LINE  100

**** SOLVER STATUS     1 Normal Completion         
**** MODEL STATUS      14 No Solution Returned     
**** OBJECTIVE VALUE                0.0000

 RESOURCE USAGE, LIMIT          0.000      1000.000
 ITERATION COUNT, LIMIT         0    2000000000
 EVALUATION ERRORS              0             0

Convert 2.0      24.7.4 r58773 Released Sep 19, 2016 LEG x86 64bit/Linux      

--- Using Option File
Reading parameter(s) from "/home/renigijus/gams/opt-mod-lib/gamslib/lmp2/convert.opt"
>>  gams lmp2-scalar.gms
Finished reading from "/home/renigijus/gams/opt-mod-lib/gamslib/lmp2/convert.opt"
Gams      : lmp2-scalar.gms


No solution returned
GAMS 24.7.4  r58773 Released Sep 19, 2016 LEX-LEG x86 64bit/Linux                                                                                                                                                                     12/13/18 11:22:50 Page 33
Linear Multiplicative Programs - Type 2 (LMP2, SEQ=252)
Model Statistics    SOLVE lmp2 Using NLP From line 100


LOOPS                                    c   c3
                                         i   i5


MODEL STATISTICS

BLOCKS OF EQUATIONS           3     SINGLE EQUATIONS           63
BLOCKS OF VARIABLES           3     SINGLE VARIABLES          103
NON ZERO ELEMENTS         6,205     NON LINEAR N-Z              2
DERIVATIVE POOL              20     CONSTANT POOL              16
CODE LENGTH                   5


GENERATION TIME      =        0.004 SECONDS      3 MB  24.7.4 r58773 LEX-LEG


EXECUTION TIME       =        0.006 SECONDS      3 MB  24.7.4 r58773 LEX-LEG
               L O O P S                  c c3
                                          i i5

GAMS 24.7.4  r58773 Released Sep 19, 2016 LEX-LEG x86 64bit/Linux                                                                                                                                                                     12/13/18 11:22:50 Page 34
Linear Multiplicative Programs - Type 2 (LMP2, SEQ=252)
Solution Report     SOLVE lmp2 Using NLP From line 100


               S O L V E      S U M M A R Y

     MODEL   lmp2                OBJECTIVE  obj
     TYPE    NLP                 DIRECTION  MINIMIZE
     SOLVER  CONVERT             FROM LINE  100

**** SOLVER STATUS     1 Normal Completion         
**** MODEL STATUS      14 No Solution Returned     
**** OBJECTIVE VALUE                0.0000

 RESOURCE USAGE, LIMIT          0.000      1000.000
 ITERATION COUNT, LIMIT         0    2000000000
 EVALUATION ERRORS              0             0

Convert 2.0      24.7.4 r58773 Released Sep 19, 2016 LEG x86 64bit/Linux      

--- Using Option File
Reading parameter(s) from "/home/renigijus/gams/opt-mod-lib/gamslib/lmp2/convert.opt"
>>  gams lmp2-scalar.gms
Finished reading from "/home/renigijus/gams/opt-mod-lib/gamslib/lmp2/convert.opt"
Gams      : lmp2-scalar.gms


No solution returned
GAMS 24.7.4  r58773 Released Sep 19, 2016 LEX-LEG x86 64bit/Linux                                                                                                                                                                     12/13/18 11:22:50 Page 35
Linear Multiplicative Programs - Type 2 (LMP2, SEQ=252)
Model Statistics    SOLVE lmp2 Using NLP From line 100


LOOPS                                    c   c4
                                         i   i1


MODEL STATISTICS

BLOCKS OF EQUATIONS           3     SINGLE EQUATIONS          103
BLOCKS OF VARIABLES           3     SINGLE VARIABLES          103
NON ZERO ELEMENTS        10,205     NON LINEAR N-Z              2
DERIVATIVE POOL              20     CONSTANT POOL              16
CODE LENGTH                   5


GENERATION TIME      =        0.007 SECONDS      4 MB  24.7.4 r58773 LEX-LEG


EXECUTION TIME       =        0.011 SECONDS      4 MB  24.7.4 r58773 LEX-LEG
               L O O P S                  c c4
                                          i i1

GAMS 24.7.4  r58773 Released Sep 19, 2016 LEX-LEG x86 64bit/Linux                                                                                                                                                                     12/13/18 11:22:50 Page 36
Linear Multiplicative Programs - Type 2 (LMP2, SEQ=252)
Solution Report     SOLVE lmp2 Using NLP From line 100


               S O L V E      S U M M A R Y

     MODEL   lmp2                OBJECTIVE  obj
     TYPE    NLP                 DIRECTION  MINIMIZE
     SOLVER  CONVERT             FROM LINE  100

**** SOLVER STATUS     1 Normal Completion         
**** MODEL STATUS      14 No Solution Returned     
**** OBJECTIVE VALUE                0.0000

 RESOURCE USAGE, LIMIT          0.000      1000.000
 ITERATION COUNT, LIMIT         0    2000000000
 EVALUATION ERRORS              0             0

Convert 2.0      24.7.4 r58773 Released Sep 19, 2016 LEG x86 64bit/Linux      

--- Using Option File
Reading parameter(s) from "/home/renigijus/gams/opt-mod-lib/gamslib/lmp2/convert.opt"
>>  gams lmp2-scalar.gms
Finished reading from "/home/renigijus/gams/opt-mod-lib/gamslib/lmp2/convert.opt"
Gams      : lmp2-scalar.gms


No solution returned
GAMS 24.7.4  r58773 Released Sep 19, 2016 LEX-LEG x86 64bit/Linux                                                                                                                                                                     12/13/18 11:22:50 Page 37
Linear Multiplicative Programs - Type 2 (LMP2, SEQ=252)
Model Statistics    SOLVE lmp2 Using NLP From line 100


LOOPS                                    c   c4
                                         i   i2


MODEL STATISTICS

BLOCKS OF EQUATIONS           3     SINGLE EQUATIONS          103
BLOCKS OF VARIABLES           3     SINGLE VARIABLES          103
NON ZERO ELEMENTS        10,205     NON LINEAR N-Z              2
DERIVATIVE POOL              20     CONSTANT POOL              16
CODE LENGTH                   5


GENERATION TIME      =        0.006 SECONDS      4 MB  24.7.4 r58773 LEX-LEG


EXECUTION TIME       =        0.011 SECONDS      4 MB  24.7.4 r58773 LEX-LEG
               L O O P S                  c c4
                                          i i2

GAMS 24.7.4  r58773 Released Sep 19, 2016 LEX-LEG x86 64bit/Linux                                                                                                                                                                     12/13/18 11:22:50 Page 38
Linear Multiplicative Programs - Type 2 (LMP2, SEQ=252)
Solution Report     SOLVE lmp2 Using NLP From line 100


               S O L V E      S U M M A R Y

     MODEL   lmp2                OBJECTIVE  obj
     TYPE    NLP                 DIRECTION  MINIMIZE
     SOLVER  CONVERT             FROM LINE  100

**** SOLVER STATUS     1 Normal Completion         
**** MODEL STATUS      14 No Solution Returned     
**** OBJECTIVE VALUE                0.0000

 RESOURCE USAGE, LIMIT          0.000      1000.000
 ITERATION COUNT, LIMIT         0    2000000000
 EVALUATION ERRORS              0             0

Convert 2.0      24.7.4 r58773 Released Sep 19, 2016 LEG x86 64bit/Linux      

--- Using Option File
Reading parameter(s) from "/home/renigijus/gams/opt-mod-lib/gamslib/lmp2/convert.opt"
>>  gams lmp2-scalar.gms
Finished reading from "/home/renigijus/gams/opt-mod-lib/gamslib/lmp2/convert.opt"
Gams      : lmp2-scalar.gms


No solution returned
GAMS 24.7.4  r58773 Released Sep 19, 2016 LEX-LEG x86 64bit/Linux                                                                                                                                                                     12/13/18 11:22:50 Page 39
Linear Multiplicative Programs - Type 2 (LMP2, SEQ=252)
Model Statistics    SOLVE lmp2 Using NLP From line 100


LOOPS                                    c   c4
                                         i   i3


MODEL STATISTICS

BLOCKS OF EQUATIONS           3     SINGLE EQUATIONS          103
BLOCKS OF VARIABLES           3     SINGLE VARIABLES          103
NON ZERO ELEMENTS        10,205     NON LINEAR N-Z              2
DERIVATIVE POOL              20     CONSTANT POOL              16
CODE LENGTH                   5


GENERATION TIME      =        0.005 SECONDS      4 MB  24.7.4 r58773 LEX-LEG


EXECUTION TIME       =        0.009 SECONDS      4 MB  24.7.4 r58773 LEX-LEG
               L O O P S                  c c4
                                          i i3

GAMS 24.7.4  r58773 Released Sep 19, 2016 LEX-LEG x86 64bit/Linux                                                                                                                                                                     12/13/18 11:22:50 Page 40
Linear Multiplicative Programs - Type 2 (LMP2, SEQ=252)
Solution Report     SOLVE lmp2 Using NLP From line 100


               S O L V E      S U M M A R Y

     MODEL   lmp2                OBJECTIVE  obj
     TYPE    NLP                 DIRECTION  MINIMIZE
     SOLVER  CONVERT             FROM LINE  100

**** SOLVER STATUS     1 Normal Completion         
**** MODEL STATUS      14 No Solution Returned     
**** OBJECTIVE VALUE                0.0000

 RESOURCE USAGE, LIMIT          0.000      1000.000
 ITERATION COUNT, LIMIT         0    2000000000
 EVALUATION ERRORS              0             0

Convert 2.0      24.7.4 r58773 Released Sep 19, 2016 LEG x86 64bit/Linux      

--- Using Option File
Reading parameter(s) from "/home/renigijus/gams/opt-mod-lib/gamslib/lmp2/convert.opt"
>>  gams lmp2-scalar.gms
Finished reading from "/home/renigijus/gams/opt-mod-lib/gamslib/lmp2/convert.opt"
Gams      : lmp2-scalar.gms


No solution returned
GAMS 24.7.4  r58773 Released Sep 19, 2016 LEX-LEG x86 64bit/Linux                                                                                                                                                                     12/13/18 11:22:50 Page 41
Linear Multiplicative Programs - Type 2 (LMP2, SEQ=252)
Model Statistics    SOLVE lmp2 Using NLP From line 100


LOOPS                                    c   c4
                                         i   i4


MODEL STATISTICS

BLOCKS OF EQUATIONS           3     SINGLE EQUATIONS          103
BLOCKS OF VARIABLES           3     SINGLE VARIABLES          103
NON ZERO ELEMENTS        10,205     NON LINEAR N-Z              2
DERIVATIVE POOL              20     CONSTANT POOL              16
CODE LENGTH                   5


GENERATION TIME      =        0.005 SECONDS      4 MB  24.7.4 r58773 LEX-LEG


EXECUTION TIME       =        0.007 SECONDS      4 MB  24.7.4 r58773 LEX-LEG
               L O O P S                  c c4
                                          i i4

GAMS 24.7.4  r58773 Released Sep 19, 2016 LEX-LEG x86 64bit/Linux                                                                                                                                                                     12/13/18 11:22:50 Page 42
Linear Multiplicative Programs - Type 2 (LMP2, SEQ=252)
Solution Report     SOLVE lmp2 Using NLP From line 100


               S O L V E      S U M M A R Y

     MODEL   lmp2                OBJECTIVE  obj
     TYPE    NLP                 DIRECTION  MINIMIZE
     SOLVER  CONVERT             FROM LINE  100

**** SOLVER STATUS     1 Normal Completion         
**** MODEL STATUS      14 No Solution Returned     
**** OBJECTIVE VALUE                0.0000

 RESOURCE USAGE, LIMIT          0.000      1000.000
 ITERATION COUNT, LIMIT         0    2000000000
 EVALUATION ERRORS              0             0

Convert 2.0      24.7.4 r58773 Released Sep 19, 2016 LEG x86 64bit/Linux      

--- Using Option File
Reading parameter(s) from "/home/renigijus/gams/opt-mod-lib/gamslib/lmp2/convert.opt"
>>  gams lmp2-scalar.gms
Finished reading from "/home/renigijus/gams/opt-mod-lib/gamslib/lmp2/convert.opt"
Gams      : lmp2-scalar.gms


No solution returned
GAMS 24.7.4  r58773 Released Sep 19, 2016 LEX-LEG x86 64bit/Linux                                                                                                                                                                     12/13/18 11:22:50 Page 43
Linear Multiplicative Programs - Type 2 (LMP2, SEQ=252)
Model Statistics    SOLVE lmp2 Using NLP From line 100


LOOPS                                    c   c4
                                         i   i5


MODEL STATISTICS

BLOCKS OF EQUATIONS           3     SINGLE EQUATIONS          103
BLOCKS OF VARIABLES           3     SINGLE VARIABLES          103
NON ZERO ELEMENTS        10,205     NON LINEAR N-Z              2
DERIVATIVE POOL              20     CONSTANT POOL              16
CODE LENGTH                   5


GENERATION TIME      =        0.006 SECONDS      4 MB  24.7.4 r58773 LEX-LEG


EXECUTION TIME       =        0.009 SECONDS      4 MB  24.7.4 r58773 LEX-LEG
               L O O P S                  c c4
                                          i i5

GAMS 24.7.4  r58773 Released Sep 19, 2016 LEX-LEG x86 64bit/Linux                                                                                                                                                                     12/13/18 11:22:50 Page 44
Linear Multiplicative Programs - Type 2 (LMP2, SEQ=252)
Solution Report     SOLVE lmp2 Using NLP From line 100


               S O L V E      S U M M A R Y

     MODEL   lmp2                OBJECTIVE  obj
     TYPE    NLP                 DIRECTION  MINIMIZE
     SOLVER  CONVERT             FROM LINE  100

**** SOLVER STATUS     1 Normal Completion         
**** MODEL STATUS      14 No Solution Returned     
**** OBJECTIVE VALUE                0.0000

 RESOURCE USAGE, LIMIT          0.000      1000.000
 ITERATION COUNT, LIMIT         0    2000000000
 EVALUATION ERRORS              0             0

Convert 2.0      24.7.4 r58773 Released Sep 19, 2016 LEG x86 64bit/Linux      

--- Using Option File
Reading parameter(s) from "/home/renigijus/gams/opt-mod-lib/gamslib/lmp2/convert.opt"
>>  gams lmp2-scalar.gms
Finished reading from "/home/renigijus/gams/opt-mod-lib/gamslib/lmp2/convert.opt"
Gams      : lmp2-scalar.gms


No solution returned
GAMS 24.7.4  r58773 Released Sep 19, 2016 LEX-LEG x86 64bit/Linux                                                                                                                                                                     12/13/18 11:22:50 Page 45
Linear Multiplicative Programs - Type 2 (LMP2, SEQ=252)
Model Statistics    SOLVE lmp2 Using NLP From line 100


LOOPS                                    c   c5
                                         i   i1


MODEL STATISTICS

BLOCKS OF EQUATIONS           3     SINGLE EQUATIONS          203
BLOCKS OF VARIABLES           3     SINGLE VARIABLES          203
NON ZERO ELEMENTS        40,405     NON LINEAR N-Z              2
DERIVATIVE POOL              20     CONSTANT POOL              16
CODE LENGTH                   5


GENERATION TIME      =        0.041 SECONDS      7 MB  24.7.4 r58773 LEX-LEG


EXECUTION TIME       =        0.050 SECONDS      7 MB  24.7.4 r58773 LEX-LEG
               L O O P S                  c c5
                                          i i1

GAMS 24.7.4  r58773 Released Sep 19, 2016 LEX-LEG x86 64bit/Linux                                                                                                                                                                     12/13/18 11:22:50 Page 46
Linear Multiplicative Programs - Type 2 (LMP2, SEQ=252)
Solution Report     SOLVE lmp2 Using NLP From line 100


               S O L V E      S U M M A R Y

     MODEL   lmp2                OBJECTIVE  obj
     TYPE    NLP                 DIRECTION  MINIMIZE
     SOLVER  CONVERT             FROM LINE  100

**** SOLVER STATUS     1 Normal Completion         
**** MODEL STATUS      14 No Solution Returned     
**** OBJECTIVE VALUE                0.0000

 RESOURCE USAGE, LIMIT          0.000      1000.000
 ITERATION COUNT, LIMIT         0    2000000000
 EVALUATION ERRORS              0             0

Convert 2.0      24.7.4 r58773 Released Sep 19, 2016 LEG x86 64bit/Linux      

--- Using Option File
Reading parameter(s) from "/home/renigijus/gams/opt-mod-lib/gamslib/lmp2/convert.opt"
>>  gams lmp2-scalar.gms
Finished reading from "/home/renigijus/gams/opt-mod-lib/gamslib/lmp2/convert.opt"
Gams      : lmp2-scalar.gms


No solution returned
GAMS 24.7.4  r58773 Released Sep 19, 2016 LEX-LEG x86 64bit/Linux                                                                                                                                                                     12/13/18 11:22:50 Page 47
Linear Multiplicative Programs - Type 2 (LMP2, SEQ=252)
Model Statistics    SOLVE lmp2 Using NLP From line 100


LOOPS                                    c   c5
                                         i   i2


MODEL STATISTICS

BLOCKS OF EQUATIONS           3     SINGLE EQUATIONS          203
BLOCKS OF VARIABLES           3     SINGLE VARIABLES          203
NON ZERO ELEMENTS        40,405     NON LINEAR N-Z              2
DERIVATIVE POOL              20     CONSTANT POOL              16
CODE LENGTH                   5


GENERATION TIME      =        0.015 SECONDS      7 MB  24.7.4 r58773 LEX-LEG


EXECUTION TIME       =        0.023 SECONDS      7 MB  24.7.4 r58773 LEX-LEG
               L O O P S                  c c5
                                          i i2

GAMS 24.7.4  r58773 Released Sep 19, 2016 LEX-LEG x86 64bit/Linux                                                                                                                                                                     12/13/18 11:22:50 Page 48
Linear Multiplicative Programs - Type 2 (LMP2, SEQ=252)
Solution Report     SOLVE lmp2 Using NLP From line 100


               S O L V E      S U M M A R Y

     MODEL   lmp2                OBJECTIVE  obj
     TYPE    NLP                 DIRECTION  MINIMIZE
     SOLVER  CONVERT             FROM LINE  100

**** SOLVER STATUS     1 Normal Completion         
**** MODEL STATUS      14 No Solution Returned     
**** OBJECTIVE VALUE                0.0000

 RESOURCE USAGE, LIMIT          0.000      1000.000
 ITERATION COUNT, LIMIT         0    2000000000
 EVALUATION ERRORS              0             0

Convert 2.0      24.7.4 r58773 Released Sep 19, 2016 LEG x86 64bit/Linux      

--- Using Option File
Reading parameter(s) from "/home/renigijus/gams/opt-mod-lib/gamslib/lmp2/convert.opt"
>>  gams lmp2-scalar.gms
Finished reading from "/home/renigijus/gams/opt-mod-lib/gamslib/lmp2/convert.opt"
Gams      : lmp2-scalar.gms


No solution returned
GAMS 24.7.4  r58773 Released Sep 19, 2016 LEX-LEG x86 64bit/Linux                                                                                                                                                                     12/13/18 11:22:50 Page 49
Linear Multiplicative Programs - Type 2 (LMP2, SEQ=252)
Model Statistics    SOLVE lmp2 Using NLP From line 100


LOOPS                                    c   c5
                                         i   i3


MODEL STATISTICS

BLOCKS OF EQUATIONS           3     SINGLE EQUATIONS          203
BLOCKS OF VARIABLES           3     SINGLE VARIABLES          203
NON ZERO ELEMENTS        40,405     NON LINEAR N-Z              2
DERIVATIVE POOL              20     CONSTANT POOL              16
CODE LENGTH                   5


GENERATION TIME      =        0.015 SECONDS      7 MB  24.7.4 r58773 LEX-LEG


EXECUTION TIME       =        0.024 SECONDS      7 MB  24.7.4 r58773 LEX-LEG
               L O O P S                  c c5
                                          i i3

GAMS 24.7.4  r58773 Released Sep 19, 2016 LEX-LEG x86 64bit/Linux                                                                                                                                                                     12/13/18 11:22:50 Page 50
Linear Multiplicative Programs - Type 2 (LMP2, SEQ=252)
Solution Report     SOLVE lmp2 Using NLP From line 100


               S O L V E      S U M M A R Y

     MODEL   lmp2                OBJECTIVE  obj
     TYPE    NLP                 DIRECTION  MINIMIZE
     SOLVER  CONVERT             FROM LINE  100

**** SOLVER STATUS     1 Normal Completion         
**** MODEL STATUS      14 No Solution Returned     
**** OBJECTIVE VALUE                0.0000

 RESOURCE USAGE, LIMIT          0.000      1000.000
 ITERATION COUNT, LIMIT         0    2000000000
 EVALUATION ERRORS              0             0

Convert 2.0      24.7.4 r58773 Released Sep 19, 2016 LEG x86 64bit/Linux      

--- Using Option File
Reading parameter(s) from "/home/renigijus/gams/opt-mod-lib/gamslib/lmp2/convert.opt"
>>  gams lmp2-scalar.gms
Finished reading from "/home/renigijus/gams/opt-mod-lib/gamslib/lmp2/convert.opt"
Gams      : lmp2-scalar.gms


No solution returned
GAMS 24.7.4  r58773 Released Sep 19, 2016 LEX-LEG x86 64bit/Linux                                                                                                                                                                     12/13/18 11:22:50 Page 51
Linear Multiplicative Programs - Type 2 (LMP2, SEQ=252)
Model Statistics    SOLVE lmp2 Using NLP From line 100


LOOPS                                    c   c5
                                         i   i4


MODEL STATISTICS

BLOCKS OF EQUATIONS           3     SINGLE EQUATIONS          203
BLOCKS OF VARIABLES           3     SINGLE VARIABLES          203
NON ZERO ELEMENTS        40,405     NON LINEAR N-Z              2
DERIVATIVE POOL              20     CONSTANT POOL              16
CODE LENGTH                   5


GENERATION TIME      =        0.014 SECONDS      7 MB  24.7.4 r58773 LEX-LEG


EXECUTION TIME       =        0.022 SECONDS      7 MB  24.7.4 r58773 LEX-LEG
               L O O P S                  c c5
                                          i i4

GAMS 24.7.4  r58773 Released Sep 19, 2016 LEX-LEG x86 64bit/Linux                                                                                                                                                                     12/13/18 11:22:50 Page 52
Linear Multiplicative Programs - Type 2 (LMP2, SEQ=252)
Solution Report     SOLVE lmp2 Using NLP From line 100


               S O L V E      S U M M A R Y

     MODEL   lmp2                OBJECTIVE  obj
     TYPE    NLP                 DIRECTION  MINIMIZE
     SOLVER  CONVERT             FROM LINE  100

**** SOLVER STATUS     1 Normal Completion         
**** MODEL STATUS      14 No Solution Returned     
**** OBJECTIVE VALUE                0.0000

 RESOURCE USAGE, LIMIT          0.000      1000.000
 ITERATION COUNT, LIMIT         0    2000000000
 EVALUATION ERRORS              0             0

Convert 2.0      24.7.4 r58773 Released Sep 19, 2016 LEG x86 64bit/Linux      

--- Using Option File
Reading parameter(s) from "/home/renigijus/gams/opt-mod-lib/gamslib/lmp2/convert.opt"
>>  gams lmp2-scalar.gms
Finished reading from "/home/renigijus/gams/opt-mod-lib/gamslib/lmp2/convert.opt"
Gams      : lmp2-scalar.gms


No solution returned
GAMS 24.7.4  r58773 Released Sep 19, 2016 LEX-LEG x86 64bit/Linux                                                                                                                                                                     12/13/18 11:22:50 Page 53
Linear Multiplicative Programs - Type 2 (LMP2, SEQ=252)
Model Statistics    SOLVE lmp2 Using NLP From line 100


LOOPS                                    c   c5
                                         i   i5


MODEL STATISTICS

BLOCKS OF EQUATIONS           3     SINGLE EQUATIONS          203
BLOCKS OF VARIABLES           3     SINGLE VARIABLES          203
NON ZERO ELEMENTS        40,405     NON LINEAR N-Z              2
DERIVATIVE POOL              20     CONSTANT POOL              16
CODE LENGTH                   5


GENERATION TIME      =        0.015 SECONDS      7 MB  24.7.4 r58773 LEX-LEG


EXECUTION TIME       =        0.023 SECONDS      7 MB  24.7.4 r58773 LEX-LEG
               L O O P S                  c c5
                                          i i5

GAMS 24.7.4  r58773 Released Sep 19, 2016 LEX-LEG x86 64bit/Linux                                                                                                                                                                     12/13/18 11:22:50 Page 54
Linear Multiplicative Programs - Type 2 (LMP2, SEQ=252)
Solution Report     SOLVE lmp2 Using NLP From line 100


               S O L V E      S U M M A R Y

     MODEL   lmp2                OBJECTIVE  obj
     TYPE    NLP                 DIRECTION  MINIMIZE
     SOLVER  CONVERT             FROM LINE  100

**** SOLVER STATUS     1 Normal Completion         
**** MODEL STATUS      14 No Solution Returned     
**** OBJECTIVE VALUE                0.0000

 RESOURCE USAGE, LIMIT          0.000      1000.000
 ITERATION COUNT, LIMIT         0    2000000000
 EVALUATION ERRORS              0             0

Convert 2.0      24.7.4 r58773 Released Sep 19, 2016 LEG x86 64bit/Linux      

--- Using Option File
Reading parameter(s) from "/home/renigijus/gams/opt-mod-lib/gamslib/lmp2/convert.opt"
>>  gams lmp2-scalar.gms
Finished reading from "/home/renigijus/gams/opt-mod-lib/gamslib/lmp2/convert.opt"
Gams      : lmp2-scalar.gms


No solution returned
GAMS 24.7.4  r58773 Released Sep 19, 2016 LEX-LEG x86 64bit/Linux                                                                                                                                                                     12/13/18 11:22:50 Page 55
Linear Multiplicative Programs - Type 2 (LMP2, SEQ=252)
E x e c u t i o n


----    122 PARAMETER rep  summary report

     AvgNodUsd   MinNodUsd   MaxNodUsd

c1          NA          NA          NA
c2          NA          NA          NA
c3          NA          NA          NA
c4          NA          NA          NA
c5          NA          NA          NA



EXECUTION TIME       =        0.000 SECONDS      4 MB  24.7.4 r58773 LEX-LEG


USER: Remigijus Paulavicius, Single User License     S170731:0859AO-LNX
      Imperial College London, Dept. of Chemical Engineering    DC13449
      License for teaching and research at degree granting institutions


**** FILE SUMMARY

Input      /home/renigijus/gams/opt-mod-lib/gamslib/lmp2/lmp2.gms
Output     /home/renigijus/gams/opt-mod-lib/gamslib/lmp2/lmp2-scalar.gms.lst
